AR return_stack behavioral "C:/Users/Ben/Desktop/Folders/Projects/Personal/Senior Project/FPGA Stuff/OZ4_Mandelbrot/Hardware/OZ4_Mandelbrot/return_stack.vhd" sub00/vhpl09 1305773212
EN data_memory NULL "C:/Users/Ben/Desktop/Folders/Projects/Personal/Senior Project/FPGA Stuff/OZ4_Mandelbrot/Hardware/OZ4_Mandelbrot/data_memory.vhd" sub00/vhpl24 1305773227
EN clk_mgt NULL "C:/Users/Ben/Desktop/Folders/Projects/Personal/Senior Project/FPGA Stuff/OZ4_Mandelbrot/Hardware/OZ4_Mandelbrot/clk_mgt.vhd" sub00/vhpl20 1305773223
EN oz4_mandelbrot_top NULL "C:/Users/Ben/Desktop/Folders/Projects/Personal/Senior Project/FPGA Stuff/OZ4_Mandelbrot/Hardware/OZ4_Mandelbrot/OZ4_Mandelbrot_top.vhd" sub00/vhpl38 1305773241
AR memory_control behavioral "C:/Users/Ben/Desktop/Folders/Projects/Personal/Senior Project/FPGA Stuff/OZ4_Mandelbrot/Hardware/OZ4_Mandelbrot/mem_ctl.vhd" sub00/vhpl11 1305773214
EN oz4_top NULL "C:/Users/Ben/Desktop/Folders/Projects/Personal/Senior Project/FPGA Stuff/OZ4_Mandelbrot/Hardware/OZ4_Mandelbrot/OZ4_top.vhd" sub00/vhpl22 1305773225
AR oz4_mandelbrot_top behavioral "C:/Users/Ben/Desktop/Folders/Projects/Personal/Senior Project/FPGA Stuff/OZ4_Mandelbrot/Hardware/OZ4_Mandelbrot/OZ4_Mandelbrot_top.vhd" sub00/vhpl39 1305773242
AR immediate_memory behavioral "C:/Users/Ben/Desktop/Folders/Projects/Personal/Senior Project/FPGA Stuff/OZ4_Mandelbrot/Software/FullMandelbrot/FullMandelbrot.vhd" sub00/vhpl29 1305773232
EN fpmultiply NULL "C:/Users/Ben/Desktop/Folders/Projects/Personal/Senior Project/FPGA Stuff/OZ4_Mandelbrot/Hardware/OZ4_Mandelbrot/FPMultiply.vhd" sub00/vhpl00 1305773203
EN four_dig_7seg NULL "C:/Users/Ben/Desktop/Folders/Projects/Personal/Senior Project/FPGA Stuff/OZ4_Mandelbrot/Hardware/OZ4_Mandelbrot/four_dig_7seg.vhd" sub00/vhpl36 1305773239
EN ctl_unit NULL "C:/Users/Ben/Desktop/Folders/Projects/Personal/Senior Project/FPGA Stuff/OZ4_Mandelbrot/Hardware/OZ4_Mandelbrot/ctl_unit.vhd" sub00/vhpl02 1305773205
EN pc_mux NULL "C:/Users/Ben/Desktop/Folders/Projects/Personal/Senior Project/FPGA Stuff/OZ4_Mandelbrot/Hardware/OZ4_Mandelbrot/PC_MUX.vhd" sub00/vhpl18 1305773221
EN memory_control NULL "C:/Users/Ben/Desktop/Folders/Projects/Personal/Senior Project/FPGA Stuff/OZ4_Mandelbrot/Hardware/OZ4_Mandelbrot/mem_ctl.vhd" sub00/vhpl10 1305773213
AR stack_in_mux behavioral "C:/Users/Ben/Desktop/Folders/Projects/Personal/Senior Project/FPGA Stuff/OZ4_Mandelbrot/Hardware/OZ4_Mandelbrot/stack_in_MUX.vhd" sub00/vhpl17 1305773220
AR data_stack behavioral "C:/Users/Ben/Desktop/Folders/Projects/Personal/Senior Project/FPGA Stuff/OZ4_Mandelbrot/Hardware/OZ4_Mandelbrot/data_stack.vhd" sub00/vhpl07 1305773210
AR clk_mgt behavioral "C:/Users/Ben/Desktop/Folders/Projects/Personal/Senior Project/FPGA Stuff/OZ4_Mandelbrot/Hardware/OZ4_Mandelbrot/clk_mgt.vhd" sub00/vhpl21 1305773224
EN video_controller NULL "C:/Users/Ben/Desktop/Folders/Projects/Personal/Senior Project/FPGA Stuff/OZ4_Mandelbrot/Hardware/OZ4_Mandelbrot/video_controller.vhd" sub00/vhpl32 1305773235
EN vga_640x480 NULL "C:/Users/Ben/Desktop/Folders/Projects/Personal/Senior Project/FPGA Stuff/OZ4_Mandelbrot/Hardware/OZ4_Mandelbrot/vga_640x480.vhd" sub00/vhpl34 1305773237
EN immediate_memory NULL "C:/Users/Ben/Desktop/Folders/Projects/Personal/Senior Project/FPGA Stuff/OZ4_Mandelbrot/Software/FullMandelbrot/FullMandelbrot.vhd" sub00/vhpl28 1305773231
EN io_ctl NULL "C:/Users/Ben/Desktop/Folders/Projects/Personal/Senior Project/FPGA Stuff/OZ4_Mandelbrot/Hardware/OZ4_Mandelbrot/IO_ctl.vhd" sub00/vhpl14 1305773217
AR data_memory behavioral "C:/Users/Ben/Desktop/Folders/Projects/Personal/Senior Project/FPGA Stuff/OZ4_Mandelbrot/Hardware/OZ4_Mandelbrot/data_memory.vhd" sub00/vhpl25 1305773228
AR mem_control behavioral "C:/Users/Ben/Desktop/Folders/Projects/Personal/Senior Project/FPGA Stuff/OZ4_Mandelbrot/Hardware/OZ4_Mandelbrot/memory_controller.vhd" sub00/vhpl31 1305773234
EN return_stack NULL "C:/Users/Ben/Desktop/Folders/Projects/Personal/Senior Project/FPGA Stuff/OZ4_Mandelbrot/Hardware/OZ4_Mandelbrot/return_stack.vhd" sub00/vhpl08 1305773211
AR prog_counter behavioral "C:/Users/Ben/Desktop/Folders/Projects/Personal/Senior Project/FPGA Stuff/OZ4_Mandelbrot/Hardware/OZ4_Mandelbrot/prog_counter.vhd" sub00/vhpl13 1305773216
EN program_memory NULL "C:/Users/Ben/Desktop/Folders/Projects/Personal/Senior Project/FPGA Stuff/OZ4_Mandelbrot/Hardware/OZ4_Mandelbrot/ipcore_dir/program_memory.vhd" sub00/vhpl26 1305773229
AR vga_640x480 behavioral "C:/Users/Ben/Desktop/Folders/Projects/Personal/Senior Project/FPGA Stuff/OZ4_Mandelbrot/Hardware/OZ4_Mandelbrot/vga_640x480.vhd" sub00/vhpl35 1305773238
AR ctl_unit behavioral "C:/Users/Ben/Desktop/Folders/Projects/Personal/Senior Project/FPGA Stuff/OZ4_Mandelbrot/Hardware/OZ4_Mandelbrot/ctl_unit.vhd" sub00/vhpl03 1305773206
AR pc_mux behavioral "C:/Users/Ben/Desktop/Folders/Projects/Personal/Senior Project/FPGA Stuff/OZ4_Mandelbrot/Hardware/OZ4_Mandelbrot/PC_MUX.vhd" sub00/vhpl19 1305773222
AR fpmultiply behavioral "C:/Users/Ben/Desktop/Folders/Projects/Personal/Senior Project/FPGA Stuff/OZ4_Mandelbrot/Hardware/OZ4_Mandelbrot/FPMultiply.vhd" sub00/vhpl01 1305773204
EN data_stack NULL "C:/Users/Ben/Desktop/Folders/Projects/Personal/Senior Project/FPGA Stuff/OZ4_Mandelbrot/Hardware/OZ4_Mandelbrot/data_stack.vhd" sub00/vhpl06 1305773209
AR four_dig_7seg behavioral "C:/Users/Ben/Desktop/Folders/Projects/Personal/Senior Project/FPGA Stuff/OZ4_Mandelbrot/Hardware/OZ4_Mandelbrot/four_dig_7seg.vhd" sub00/vhpl37 1305773240
AR alu behavioral "C:/Users/Ben/Desktop/Folders/Projects/Personal/Senior Project/FPGA Stuff/OZ4_Mandelbrot/Hardware/OZ4_Mandelbrot/ALU.vhd" sub00/vhpl05 1305773208
EN stack_in_mux NULL "C:/Users/Ben/Desktop/Folders/Projects/Personal/Senior Project/FPGA Stuff/OZ4_Mandelbrot/Hardware/OZ4_Mandelbrot/stack_in_MUX.vhd" sub00/vhpl16 1305773219
AR io_ctl behavioral "C:/Users/Ben/Desktop/Folders/Projects/Personal/Senior Project/FPGA Stuff/OZ4_Mandelbrot/Hardware/OZ4_Mandelbrot/IO_ctl.vhd" sub00/vhpl15 1305773218
AR oz4_top behavioral "C:/Users/Ben/Desktop/Folders/Projects/Personal/Senior Project/FPGA Stuff/OZ4_Mandelbrot/Hardware/OZ4_Mandelbrot/OZ4_top.vhd" sub00/vhpl23 1305773226
EN prog_counter NULL "C:/Users/Ben/Desktop/Folders/Projects/Personal/Senior Project/FPGA Stuff/OZ4_Mandelbrot/Hardware/OZ4_Mandelbrot/prog_counter.vhd" sub00/vhpl12 1305773215
AR program_memory program_memory_a "C:/Users/Ben/Desktop/Folders/Projects/Personal/Senior Project/FPGA Stuff/OZ4_Mandelbrot/Hardware/OZ4_Mandelbrot/ipcore_dir/program_memory.vhd" sub00/vhpl27 1305773230
AR video_controller behavioral "C:/Users/Ben/Desktop/Folders/Projects/Personal/Senior Project/FPGA Stuff/OZ4_Mandelbrot/Hardware/OZ4_Mandelbrot/video_controller.vhd" sub00/vhpl33 1305773236
EN mem_control NULL "C:/Users/Ben/Desktop/Folders/Projects/Personal/Senior Project/FPGA Stuff/OZ4_Mandelbrot/Hardware/OZ4_Mandelbrot/memory_controller.vhd" sub00/vhpl30 1305773233
EN alu NULL "C:/Users/Ben/Desktop/Folders/Projects/Personal/Senior Project/FPGA Stuff/OZ4_Mandelbrot/Hardware/OZ4_Mandelbrot/ALU.vhd" sub00/vhpl04 1305773207
